// Jest Snapshot v1, https://goo.gl/fbAQLP

exports[`should render component 1`] = `
Object {
  "asFragment": [Function],
  "baseElement": <body>
    <div>
      <div
        class="waveWrapper waveAnimation"
      >
        <div
          class="waveWrapperInner bgTop"
        >
          <div
            class="wave waveTop"
          />
        </div>
        <div
          class="waveWrapperInner bgMiddle"
        >
          <div
            class="wave waveMiddle"
          />
        </div>
        <div
          class="waveWrapperInner bgBottom"
        >
          <div
            class="wave waveBottom"
          />
        </div>
      </div>
      <div
        class="wave-content"
      >
        <div
          class="row g-0 justify-content-center text-center p-3"
        >
          <div
            class="col-md-12"
          >
            <h3
              class="text-white"
            >
              Flood Fill Algorithm
            </h3>
            <div
              class="row justify-content-center text-white"
            >
              <div
                class="col-md-6"
              >
                <div
                  class="row justify-content-center"
                >
                  <div
                    class="col-md-1 border bg-primary"
                    style="height: 25px;"
                  />
                  <div
                    class="col-md-1 border bg-primary"
                    style="height: 25px;"
                  />
                  <div
                    class="col-md-1 border bg-primary"
                    style="height: 25px;"
                  />
                  <div
                    class="col-md-1 border bg-primary"
                    style="height: 25px;"
                  />
                  <div
                    class="col-md-1 border bg-primary"
                    style="height: 25px;"
                  />
                  <div
                    class="col-md-1 border bg-primary"
                    style="height: 25px;"
                  />
                  <div
                    class="col-md-1 border bg-primary"
                    style="height: 25px;"
                  />
                  <div
                    class="col-md-1 border bg-primary"
                    style="height: 25px;"
                  />
                  <div
                    class="col-md-1 border bg-primary"
                    style="height: 25px;"
                  />
                </div>
                <div
                  class="row justify-content-center"
                >
                  <div
                    class="col-md-1 border bg-primary"
                    style="height: 25px;"
                  />
                  <div
                    class="col-md-1 border "
                    style="height: 25px;"
                  />
                  <div
                    class="col-md-1 border "
                    style="height: 25px;"
                  />
                  <div
                    class="col-md-1 border "
                    style="height: 25px;"
                  />
                  <div
                    class="col-md-1 border bg-primary"
                    style="height: 25px;"
                  />
                  <div
                    class="col-md-1 border "
                    style="height: 25px;"
                  />
                  <div
                    class="col-md-1 border "
                    style="height: 25px;"
                  />
                  <div
                    class="col-md-1 border "
                    style="height: 25px;"
                  />
                  <div
                    class="col-md-1 border bg-primary"
                    style="height: 25px;"
                  />
                </div>
                <div
                  class="row justify-content-center"
                >
                  <div
                    class="col-md-1 border bg-primary"
                    style="height: 25px;"
                  />
                  <div
                    class="col-md-1 border "
                    style="height: 25px;"
                  />
                  <div
                    class="col-md-1 border "
                    style="height: 25px;"
                  />
                  <div
                    class="col-md-1 border "
                    style="height: 25px;"
                  />
                  <div
                    class="col-md-1 border bg-primary"
                    style="height: 25px;"
                  />
                  <div
                    class="col-md-1 border "
                    style="height: 25px;"
                  />
                  <div
                    class="col-md-1 border "
                    style="height: 25px;"
                  />
                  <div
                    class="col-md-1 border "
                    style="height: 25px;"
                  />
                  <div
                    class="col-md-1 border bg-primary"
                    style="height: 25px;"
                  />
                </div>
                <div
                  class="row justify-content-center"
                >
                  <div
                    class="col-md-1 border bg-primary"
                    style="height: 25px;"
                  />
                  <div
                    class="col-md-1 border "
                    style="height: 25px;"
                  />
                  <div
                    class="col-md-1 border "
                    style="height: 25px;"
                  />
                  <div
                    class="col-md-1 border bg-primary"
                    style="height: 25px;"
                  />
                  <div
                    class="col-md-1 border "
                    style="height: 25px;"
                  />
                  <div
                    class="col-md-1 border "
                    style="height: 25px;"
                  />
                  <div
                    class="col-md-1 border "
                    style="height: 25px;"
                  />
                  <div
                    class="col-md-1 border "
                    style="height: 25px;"
                  />
                  <div
                    class="col-md-1 border bg-primary"
                    style="height: 25px;"
                  />
                </div>
                <div
                  class="row justify-content-center"
                >
                  <div
                    class="col-md-1 border bg-primary"
                    style="height: 25px;"
                  />
                  <div
                    class="col-md-1 border bg-primary"
                    style="height: 25px;"
                  />
                  <div
                    class="col-md-1 border bg-primary"
                    style="height: 25px;"
                  />
                  <div
                    class="col-md-1 border "
                    style="height: 25px;"
                  />
                  <div
                    class="col-md-1 border "
                    style="height: 25px;"
                  />
                  <div
                    class="col-md-1 border "
                    style="height: 25px;"
                  />
                  <div
                    class="col-md-1 border bg-primary"
                    style="height: 25px;"
                  />
                  <div
                    class="col-md-1 border bg-primary"
                    style="height: 25px;"
                  />
                  <div
                    class="col-md-1 border bg-primary"
                    style="height: 25px;"
                  />
                </div>
                <div
                  class="row justify-content-center"
                >
                  <div
                    class="col-md-1 border bg-primary"
                    style="height: 25px;"
                  />
                  <div
                    class="col-md-1 border "
                    style="height: 25px;"
                  />
                  <div
                    class="col-md-1 border "
                    style="height: 25px;"
                  />
                  <div
                    class="col-md-1 border "
                    style="height: 25px;"
                  />
                  <div
                    class="col-md-1 border "
                    style="height: 25px;"
                  />
                  <div
                    class="col-md-1 border bg-primary"
                    style="height: 25px;"
                  />
                  <div
                    class="col-md-1 border "
                    style="height: 25px;"
                  />
                  <div
                    class="col-md-1 border "
                    style="height: 25px;"
                  />
                  <div
                    class="col-md-1 border bg-primary"
                    style="height: 25px;"
                  />
                </div>
                <div
                  class="row justify-content-center"
                >
                  <div
                    class="col-md-1 border bg-primary"
                    style="height: 25px;"
                  />
                  <div
                    class="col-md-1 border "
                    style="height: 25px;"
                  />
                  <div
                    class="col-md-1 border "
                    style="height: 25px;"
                  />
                  <div
                    class="col-md-1 border "
                    style="height: 25px;"
                  />
                  <div
                    class="col-md-1 border bg-primary"
                    style="height: 25px;"
                  />
                  <div
                    class="col-md-1 border "
                    style="height: 25px;"
                  />
                  <div
                    class="col-md-1 border "
                    style="height: 25px;"
                  />
                  <div
                    class="col-md-1 border "
                    style="height: 25px;"
                  />
                  <div
                    class="col-md-1 border bg-primary"
                    style="height: 25px;"
                  />
                </div>
                <div
                  class="row justify-content-center"
                >
                  <div
                    class="col-md-1 border bg-primary"
                    style="height: 25px;"
                  />
                  <div
                    class="col-md-1 border "
                    style="height: 25px;"
                  />
                  <div
                    class="col-md-1 border "
                    style="height: 25px;"
                  />
                  <div
                    class="col-md-1 border "
                    style="height: 25px;"
                  />
                  <div
                    class="col-md-1 border bg-primary"
                    style="height: 25px;"
                  />
                  <div
                    class="col-md-1 border "
                    style="height: 25px;"
                  />
                  <div
                    class="col-md-1 border "
                    style="height: 25px;"
                  />
                  <div
                    class="col-md-1 border "
                    style="height: 25px;"
                  />
                  <div
                    class="col-md-1 border bg-primary"
                    style="height: 25px;"
                  />
                </div>
                <div
                  class="row justify-content-center"
                >
                  <div
                    class="col-md-1 border bg-primary"
                    style="height: 25px;"
                  />
                  <div
                    class="col-md-1 border bg-primary"
                    style="height: 25px;"
                  />
                  <div
                    class="col-md-1 border bg-primary"
                    style="height: 25px;"
                  />
                  <div
                    class="col-md-1 border bg-primary"
                    style="height: 25px;"
                  />
                  <div
                    class="col-md-1 border bg-primary"
                    style="height: 25px;"
                  />
                  <div
                    class="col-md-1 border bg-primary"
                    style="height: 25px;"
                  />
                  <div
                    class="col-md-1 border bg-primary"
                    style="height: 25px;"
                  />
                  <div
                    class="col-md-1 border bg-primary"
                    style="height: 25px;"
                  />
                  <div
                    class="col-md-1 border bg-primary"
                    style="height: 25px;"
                  />
                </div>
              </div>
            </div>
            <div
              class="row justify-content-center m-3"
            >
              <div
                class="col-md-2"
              >
                <div
                  class="mb-2 btn-group btn-group-lg"
                  role="group"
                >
                  <button
                    class="btn btn-primary"
                    type="button"
                  >
                    Step
                  </button>
                  <button
                    class="btn btn-primary"
                    type="button"
                  >
                    Reset
                  </button>
                </div>
              </div>
            </div>
            <div
              class="row justify-content-center m-3"
            >
              <div
                class="col-md-8"
              >
                <div
                  aria-atomic="true"
                  aria-live="assertive"
                  class="fade toast w-100 show"
                  role="alert"
                >
                  <div
                    class="toast-header text-bg-light"
                  >
                    <h5
                      class="m-0"
                    >
                      Algorithm Description
                    </h5>
                  </div>
                  <div
                    class="toast-body"
                  >
                    <h5
                      class="m-0"
                    >
                      Flood fill is an algorithm mainly used to determine a bounded area connected to a given node in a multi-dimensional array. It is a close concept to the bucket tool in paint programs.
                    </h5>
                  </div>
                </div>
              </div>
            </div>
          </div>
        </div>
      </div>
    </div>
  </body>,
  "container": <div>
    <div
      class="waveWrapper waveAnimation"
    >
      <div
        class="waveWrapperInner bgTop"
      >
        <div
          class="wave waveTop"
        />
      </div>
      <div
        class="waveWrapperInner bgMiddle"
      >
        <div
          class="wave waveMiddle"
        />
      </div>
      <div
        class="waveWrapperInner bgBottom"
      >
        <div
          class="wave waveBottom"
        />
      </div>
    </div>
    <div
      class="wave-content"
    >
      <div
        class="row g-0 justify-content-center text-center p-3"
      >
        <div
          class="col-md-12"
        >
          <h3
            class="text-white"
          >
            Flood Fill Algorithm
          </h3>
          <div
            class="row justify-content-center text-white"
          >
            <div
              class="col-md-6"
            >
              <div
                class="row justify-content-center"
              >
                <div
                  class="col-md-1 border bg-primary"
                  style="height: 25px;"
                />
                <div
                  class="col-md-1 border bg-primary"
                  style="height: 25px;"
                />
                <div
                  class="col-md-1 border bg-primary"
                  style="height: 25px;"
                />
                <div
                  class="col-md-1 border bg-primary"
                  style="height: 25px;"
                />
                <div
                  class="col-md-1 border bg-primary"
                  style="height: 25px;"
                />
                <div
                  class="col-md-1 border bg-primary"
                  style="height: 25px;"
                />
                <div
                  class="col-md-1 border bg-primary"
                  style="height: 25px;"
                />
                <div
                  class="col-md-1 border bg-primary"
                  style="height: 25px;"
                />
                <div
                  class="col-md-1 border bg-primary"
                  style="height: 25px;"
                />
              </div>
              <div
                class="row justify-content-center"
              >
                <div
                  class="col-md-1 border bg-primary"
                  style="height: 25px;"
                />
                <div
                  class="col-md-1 border "
                  style="height: 25px;"
                />
                <div
                  class="col-md-1 border "
                  style="height: 25px;"
                />
                <div
                  class="col-md-1 border "
                  style="height: 25px;"
                />
                <div
                  class="col-md-1 border bg-primary"
                  style="height: 25px;"
                />
                <div
                  class="col-md-1 border "
                  style="height: 25px;"
                />
                <div
                  class="col-md-1 border "
                  style="height: 25px;"
                />
                <div
                  class="col-md-1 border "
                  style="height: 25px;"
                />
                <div
                  class="col-md-1 border bg-primary"
                  style="height: 25px;"
                />
              </div>
              <div
                class="row justify-content-center"
              >
                <div
                  class="col-md-1 border bg-primary"
                  style="height: 25px;"
                />
                <div
                  class="col-md-1 border "
                  style="height: 25px;"
                />
                <div
                  class="col-md-1 border "
                  style="height: 25px;"
                />
                <div
                  class="col-md-1 border "
                  style="height: 25px;"
                />
                <div
                  class="col-md-1 border bg-primary"
                  style="height: 25px;"
                />
                <div
                  class="col-md-1 border "
                  style="height: 25px;"
                />
                <div
                  class="col-md-1 border "
                  style="height: 25px;"
                />
                <div
                  class="col-md-1 border "
                  style="height: 25px;"
                />
                <div
                  class="col-md-1 border bg-primary"
                  style="height: 25px;"
                />
              </div>
              <div
                class="row justify-content-center"
              >
                <div
                  class="col-md-1 border bg-primary"
                  style="height: 25px;"
                />
                <div
                  class="col-md-1 border "
                  style="height: 25px;"
                />
                <div
                  class="col-md-1 border "
                  style="height: 25px;"
                />
                <div
                  class="col-md-1 border bg-primary"
                  style="height: 25px;"
                />
                <div
                  class="col-md-1 border "
                  style="height: 25px;"
                />
                <div
                  class="col-md-1 border "
                  style="height: 25px;"
                />
                <div
                  class="col-md-1 border "
                  style="height: 25px;"
                />
                <div
                  class="col-md-1 border "
                  style="height: 25px;"
                />
                <div
                  class="col-md-1 border bg-primary"
                  style="height: 25px;"
                />
              </div>
              <div
                class="row justify-content-center"
              >
                <div
                  class="col-md-1 border bg-primary"
                  style="height: 25px;"
                />
                <div
                  class="col-md-1 border bg-primary"
                  style="height: 25px;"
                />
                <div
                  class="col-md-1 border bg-primary"
                  style="height: 25px;"
                />
                <div
                  class="col-md-1 border "
                  style="height: 25px;"
                />
                <div
                  class="col-md-1 border "
                  style="height: 25px;"
                />
                <div
                  class="col-md-1 border "
                  style="height: 25px;"
                />
                <div
                  class="col-md-1 border bg-primary"
                  style="height: 25px;"
                />
                <div
                  class="col-md-1 border bg-primary"
                  style="height: 25px;"
                />
                <div
                  class="col-md-1 border bg-primary"
                  style="height: 25px;"
                />
              </div>
              <div
                class="row justify-content-center"
              >
                <div
                  class="col-md-1 border bg-primary"
                  style="height: 25px;"
                />
                <div
                  class="col-md-1 border "
                  style="height: 25px;"
                />
                <div
                  class="col-md-1 border "
                  style="height: 25px;"
                />
                <div
                  class="col-md-1 border "
                  style="height: 25px;"
                />
                <div
                  class="col-md-1 border "
                  style="height: 25px;"
                />
                <div
                  class="col-md-1 border bg-primary"
                  style="height: 25px;"
                />
                <div
                  class="col-md-1 border "
                  style="height: 25px;"
                />
                <div
                  class="col-md-1 border "
                  style="height: 25px;"
                />
                <div
                  class="col-md-1 border bg-primary"
                  style="height: 25px;"
                />
              </div>
              <div
                class="row justify-content-center"
              >
                <div
                  class="col-md-1 border bg-primary"
                  style="height: 25px;"
                />
                <div
                  class="col-md-1 border "
                  style="height: 25px;"
                />
                <div
                  class="col-md-1 border "
                  style="height: 25px;"
                />
                <div
                  class="col-md-1 border "
                  style="height: 25px;"
                />
                <div
                  class="col-md-1 border bg-primary"
                  style="height: 25px;"
                />
                <div
                  class="col-md-1 border "
                  style="height: 25px;"
                />
                <div
                  class="col-md-1 border "
                  style="height: 25px;"
                />
                <div
                  class="col-md-1 border "
                  style="height: 25px;"
                />
                <div
                  class="col-md-1 border bg-primary"
                  style="height: 25px;"
                />
              </div>
              <div
                class="row justify-content-center"
              >
                <div
                  class="col-md-1 border bg-primary"
                  style="height: 25px;"
                />
                <div
                  class="col-md-1 border "
                  style="height: 25px;"
                />
                <div
                  class="col-md-1 border "
                  style="height: 25px;"
                />
                <div
                  class="col-md-1 border "
                  style="height: 25px;"
                />
                <div
                  class="col-md-1 border bg-primary"
                  style="height: 25px;"
                />
                <div
                  class="col-md-1 border "
                  style="height: 25px;"
                />
                <div
                  class="col-md-1 border "
                  style="height: 25px;"
                />
                <div
                  class="col-md-1 border "
                  style="height: 25px;"
                />
                <div
                  class="col-md-1 border bg-primary"
                  style="height: 25px;"
                />
              </div>
              <div
                class="row justify-content-center"
              >
                <div
                  class="col-md-1 border bg-primary"
                  style="height: 25px;"
                />
                <div
                  class="col-md-1 border bg-primary"
                  style="height: 25px;"
                />
                <div
                  class="col-md-1 border bg-primary"
                  style="height: 25px;"
                />
                <div
                  class="col-md-1 border bg-primary"
                  style="height: 25px;"
                />
                <div
                  class="col-md-1 border bg-primary"
                  style="height: 25px;"
                />
                <div
                  class="col-md-1 border bg-primary"
                  style="height: 25px;"
                />
                <div
                  class="col-md-1 border bg-primary"
                  style="height: 25px;"
                />
                <div
                  class="col-md-1 border bg-primary"
                  style="height: 25px;"
                />
                <div
                  class="col-md-1 border bg-primary"
                  style="height: 25px;"
                />
              </div>
            </div>
          </div>
          <div
            class="row justify-content-center m-3"
          >
            <div
              class="col-md-2"
            >
              <div
                class="mb-2 btn-group btn-group-lg"
                role="group"
              >
                <button
                  class="btn btn-primary"
                  type="button"
                >
                  Step
                </button>
                <button
                  class="btn btn-primary"
                  type="button"
                >
                  Reset
                </button>
              </div>
            </div>
          </div>
          <div
            class="row justify-content-center m-3"
          >
            <div
              class="col-md-8"
            >
              <div
                aria-atomic="true"
                aria-live="assertive"
                class="fade toast w-100 show"
                role="alert"
              >
                <div
                  class="toast-header text-bg-light"
                >
                  <h5
                    class="m-0"
                  >
                    Algorithm Description
                  </h5>
                </div>
                <div
                  class="toast-body"
                >
                  <h5
                    class="m-0"
                  >
                    Flood fill is an algorithm mainly used to determine a bounded area connected to a given node in a multi-dimensional array. It is a close concept to the bucket tool in paint programs.
                  </h5>
                </div>
              </div>
            </div>
          </div>
        </div>
      </div>
    </div>
  </div>,
  "debug": [Function],
  "findAllByAltText": [Function],
  "findAllByDisplayValue": [Function],
  "findAllByLabelText": [Function],
  "findAllByPlaceholderText": [Function],
  "findAllByRole": [Function],
  "findAllByTestId": [Function],
  "findAllByText": [Function],
  "findAllByTitle": [Function],
  "findByAltText": [Function],
  "findByDisplayValue": [Function],
  "findByLabelText": [Function],
  "findByPlaceholderText": [Function],
  "findByRole": [Function],
  "findByTestId": [Function],
  "findByText": [Function],
  "findByTitle": [Function],
  "getAllByAltText": [Function],
  "getAllByDisplayValue": [Function],
  "getAllByLabelText": [Function],
  "getAllByPlaceholderText": [Function],
  "getAllByRole": [Function],
  "getAllByTestId": [Function],
  "getAllByText": [Function],
  "getAllByTitle": [Function],
  "getByAltText": [Function],
  "getByDisplayValue": [Function],
  "getByLabelText": [Function],
  "getByPlaceholderText": [Function],
  "getByRole": [Function],
  "getByTestId": [Function],
  "getByText": [Function],
  "getByTitle": [Function],
  "queryAllByAltText": [Function],
  "queryAllByDisplayValue": [Function],
  "queryAllByLabelText": [Function],
  "queryAllByPlaceholderText": [Function],
  "queryAllByRole": [Function],
  "queryAllByTestId": [Function],
  "queryAllByText": [Function],
  "queryAllByTitle": [Function],
  "queryByAltText": [Function],
  "queryByDisplayValue": [Function],
  "queryByLabelText": [Function],
  "queryByPlaceholderText": [Function],
  "queryByRole": [Function],
  "queryByTestId": [Function],
  "queryByText": [Function],
  "queryByTitle": [Function],
  "rerender": [Function],
  "unmount": [Function],
}
`;
