// Jest Snapshot v1, https://goo.gl/fbAQLP

exports[`should render Legend component 1`] = `
Object {
  "asFragment": [Function],
  "baseElement": <body>
    <div>
      <div
        class="item-legend text-white"
      >
        <div
          class="legend-title"
        >
          Legend
        </div>
        <div
          class="legend-scale"
        >
          <ul
            class="legend-labels"
          >
            <li
              class="fw-bold"
            >
              <span
                style="background: rgb(25, 135, 84);"
              />
              Regular element
            </li>
            <li
              class="fw-bold"
            >
              <span
                style="background: rgb(255, 193, 7);"
              />
              Swapped element
            </li>
          </ul>
        </div>
      </div>
    </div>
  </body>,
  "container": <div>
    <div
      class="item-legend text-white"
    >
      <div
        class="legend-title"
      >
        Legend
      </div>
      <div
        class="legend-scale"
      >
        <ul
          class="legend-labels"
        >
          <li
            class="fw-bold"
          >
            <span
              style="background: rgb(25, 135, 84);"
            />
            Regular element
          </li>
          <li
            class="fw-bold"
          >
            <span
              style="background: rgb(255, 193, 7);"
            />
            Swapped element
          </li>
        </ul>
      </div>
    </div>
  </div>,
  "debug": [Function],
  "findAllByAltText": [Function],
  "findAllByDisplayValue": [Function],
  "findAllByLabelText": [Function],
  "findAllByPlaceholderText": [Function],
  "findAllByRole": [Function],
  "findAllByTestId": [Function],
  "findAllByText": [Function],
  "findAllByTitle": [Function],
  "findByAltText": [Function],
  "findByDisplayValue": [Function],
  "findByLabelText": [Function],
  "findByPlaceholderText": [Function],
  "findByRole": [Function],
  "findByTestId": [Function],
  "findByText": [Function],
  "findByTitle": [Function],
  "getAllByAltText": [Function],
  "getAllByDisplayValue": [Function],
  "getAllByLabelText": [Function],
  "getAllByPlaceholderText": [Function],
  "getAllByRole": [Function],
  "getAllByTestId": [Function],
  "getAllByText": [Function],
  "getAllByTitle": [Function],
  "getByAltText": [Function],
  "getByDisplayValue": [Function],
  "getByLabelText": [Function],
  "getByPlaceholderText": [Function],
  "getByRole": [Function],
  "getByTestId": [Function],
  "getByText": [Function],
  "getByTitle": [Function],
  "queryAllByAltText": [Function],
  "queryAllByDisplayValue": [Function],
  "queryAllByLabelText": [Function],
  "queryAllByPlaceholderText": [Function],
  "queryAllByRole": [Function],
  "queryAllByTestId": [Function],
  "queryAllByText": [Function],
  "queryAllByTitle": [Function],
  "queryByAltText": [Function],
  "queryByDisplayValue": [Function],
  "queryByLabelText": [Function],
  "queryByPlaceholderText": [Function],
  "queryByRole": [Function],
  "queryByTestId": [Function],
  "queryByText": [Function],
  "queryByTitle": [Function],
  "rerender": [Function],
  "unmount": [Function],
}
`;
