// Jest Snapshot v1, https://goo.gl/fbAQLP

exports[`should render StepsLog component 1`] = `
Object {
  "asFragment": [Function],
  "baseElement": <body>
    <div>
      <div
        aria-labelledby="offcanvasLabel"
        class="offcanvas offcanvas-end show"
        id="offcanvas"
        tabindex="-1"
      >
        <div
          class="offcanvas-header bg-primary text-white"
        >
          <h5
            class="offcanvas-title"
            id="offcanvasLabel"
          >
            Steps Title
          </h5>
          <button
            aria-label="Close"
            class="btn-close bg-light"
            data-bs-dismiss="offcanvas"
            type="button"
          />
        </div>
        <div
          class="offcanvas-body"
        >
          <div>
            Step 1
          </div>
          <div>
            Step 2
          </div>
        </div>
      </div>
    </div>
  </body>,
  "container": <div>
    <div
      aria-labelledby="offcanvasLabel"
      class="offcanvas offcanvas-end show"
      id="offcanvas"
      tabindex="-1"
    >
      <div
        class="offcanvas-header bg-primary text-white"
      >
        <h5
          class="offcanvas-title"
          id="offcanvasLabel"
        >
          Steps Title
        </h5>
        <button
          aria-label="Close"
          class="btn-close bg-light"
          data-bs-dismiss="offcanvas"
          type="button"
        />
      </div>
      <div
        class="offcanvas-body"
      >
        <div>
          Step 1
        </div>
        <div>
          Step 2
        </div>
      </div>
    </div>
  </div>,
  "debug": [Function],
  "findAllByAltText": [Function],
  "findAllByDisplayValue": [Function],
  "findAllByLabelText": [Function],
  "findAllByPlaceholderText": [Function],
  "findAllByRole": [Function],
  "findAllByTestId": [Function],
  "findAllByText": [Function],
  "findAllByTitle": [Function],
  "findByAltText": [Function],
  "findByDisplayValue": [Function],
  "findByLabelText": [Function],
  "findByPlaceholderText": [Function],
  "findByRole": [Function],
  "findByTestId": [Function],
  "findByText": [Function],
  "findByTitle": [Function],
  "getAllByAltText": [Function],
  "getAllByDisplayValue": [Function],
  "getAllByLabelText": [Function],
  "getAllByPlaceholderText": [Function],
  "getAllByRole": [Function],
  "getAllByTestId": [Function],
  "getAllByText": [Function],
  "getAllByTitle": [Function],
  "getByAltText": [Function],
  "getByDisplayValue": [Function],
  "getByLabelText": [Function],
  "getByPlaceholderText": [Function],
  "getByRole": [Function],
  "getByTestId": [Function],
  "getByText": [Function],
  "getByTitle": [Function],
  "queryAllByAltText": [Function],
  "queryAllByDisplayValue": [Function],
  "queryAllByLabelText": [Function],
  "queryAllByPlaceholderText": [Function],
  "queryAllByRole": [Function],
  "queryAllByTestId": [Function],
  "queryAllByText": [Function],
  "queryAllByTitle": [Function],
  "queryByAltText": [Function],
  "queryByDisplayValue": [Function],
  "queryByLabelText": [Function],
  "queryByPlaceholderText": [Function],
  "queryByRole": [Function],
  "queryByTestId": [Function],
  "queryByText": [Function],
  "queryByTitle": [Function],
  "rerender": [Function],
  "unmount": [Function],
}
`;
