// Jest Snapshot v1, https://goo.gl/fbAQLP

exports[`should render component 1`] = `
Object {
  "asFragment": [Function],
  "baseElement": <body>
    <div>
      <div
        class="waveWrapper waveAnimation"
      >
        <div
          class="waveWrapperInner bgTop"
        >
          <div
            class="wave waveTop"
          />
        </div>
        <div
          class="waveWrapperInner bgMiddle"
        >
          <div
            class="wave waveMiddle"
          />
        </div>
        <div
          class="waveWrapperInner bgBottom"
        >
          <div
            class="wave waveBottom"
          />
        </div>
      </div>
      <div
        class="wave-content"
      >
        <div
          class="row g-0 justify-content-center text-center p-3"
        >
          <div
            class="col-md-12"
          >
            <h3
              class="text-white"
            >
              Caesar Cipher Algorithm
            </h3>
            <div
              class="row justify-content-center align-items-center p-2"
            >
              <div
                class="col-lg-6"
              >
                <h4
                  class="text-white"
                >
                  Raw Input
                </h4>
                <form
                  action=""
                  class="paper"
                  method="get"
                >
                  <textarea
                    class="text"
                    name="text"
                    placeholder="Enter text"
                  />
                </form>
              </div>
              <div
                class="row justify-content-center align-items-center"
              >
                <div
                  class="col-lg-6 p-3"
                >
                  <div
                    class="mb-2 btn-group btn-group-lg"
                    role="group"
                  >
                    <button
                      class="btn btn-primary"
                      type="button"
                    >
                      Swap
                    </button>
                    <button
                      class="btn btn-primary"
                      type="button"
                    >
                      Reset
                    </button>
                  </div>
                </div>
              </div>
              <div
                class="row justify-content-center align-items-center"
              >
                <div
                  class="col-lg-6"
                >
                  <h4
                    class="text-white"
                  >
                    Encryped Output
                  </h4>
                  <form
                    action=""
                    class="paper"
                    method="get"
                  >
                    <textarea
                      class="text"
                      disabled=""
                      name="text"
                      placeholder=""
                    />
                  </form>
                </div>
              </div>
            </div>
            <div
              class="row justify-content-center m-3"
            >
              <div
                class="col-md-7"
              >
                <h4
                  class="text-white bg-primary p-2 rounded"
                >
                  Caesar Cipher algorithm will replace each letter in given word with a different one, a fixed number of places down the alphabet ( 13 in this case )
                </h4>
              </div>
            </div>
          </div>
        </div>
      </div>
    </div>
  </body>,
  "container": <div>
    <div
      class="waveWrapper waveAnimation"
    >
      <div
        class="waveWrapperInner bgTop"
      >
        <div
          class="wave waveTop"
        />
      </div>
      <div
        class="waveWrapperInner bgMiddle"
      >
        <div
          class="wave waveMiddle"
        />
      </div>
      <div
        class="waveWrapperInner bgBottom"
      >
        <div
          class="wave waveBottom"
        />
      </div>
    </div>
    <div
      class="wave-content"
    >
      <div
        class="row g-0 justify-content-center text-center p-3"
      >
        <div
          class="col-md-12"
        >
          <h3
            class="text-white"
          >
            Caesar Cipher Algorithm
          </h3>
          <div
            class="row justify-content-center align-items-center p-2"
          >
            <div
              class="col-lg-6"
            >
              <h4
                class="text-white"
              >
                Raw Input
              </h4>
              <form
                action=""
                class="paper"
                method="get"
              >
                <textarea
                  class="text"
                  name="text"
                  placeholder="Enter text"
                />
              </form>
            </div>
            <div
              class="row justify-content-center align-items-center"
            >
              <div
                class="col-lg-6 p-3"
              >
                <div
                  class="mb-2 btn-group btn-group-lg"
                  role="group"
                >
                  <button
                    class="btn btn-primary"
                    type="button"
                  >
                    Swap
                  </button>
                  <button
                    class="btn btn-primary"
                    type="button"
                  >
                    Reset
                  </button>
                </div>
              </div>
            </div>
            <div
              class="row justify-content-center align-items-center"
            >
              <div
                class="col-lg-6"
              >
                <h4
                  class="text-white"
                >
                  Encryped Output
                </h4>
                <form
                  action=""
                  class="paper"
                  method="get"
                >
                  <textarea
                    class="text"
                    disabled=""
                    name="text"
                    placeholder=""
                  />
                </form>
              </div>
            </div>
          </div>
          <div
            class="row justify-content-center m-3"
          >
            <div
              class="col-md-7"
            >
              <h4
                class="text-white bg-primary p-2 rounded"
              >
                Caesar Cipher algorithm will replace each letter in given word with a different one, a fixed number of places down the alphabet ( 13 in this case )
              </h4>
            </div>
          </div>
        </div>
      </div>
    </div>
  </div>,
  "debug": [Function],
  "findAllByAltText": [Function],
  "findAllByDisplayValue": [Function],
  "findAllByLabelText": [Function],
  "findAllByPlaceholderText": [Function],
  "findAllByRole": [Function],
  "findAllByTestId": [Function],
  "findAllByText": [Function],
  "findAllByTitle": [Function],
  "findByAltText": [Function],
  "findByDisplayValue": [Function],
  "findByLabelText": [Function],
  "findByPlaceholderText": [Function],
  "findByRole": [Function],
  "findByTestId": [Function],
  "findByText": [Function],
  "findByTitle": [Function],
  "getAllByAltText": [Function],
  "getAllByDisplayValue": [Function],
  "getAllByLabelText": [Function],
  "getAllByPlaceholderText": [Function],
  "getAllByRole": [Function],
  "getAllByTestId": [Function],
  "getAllByText": [Function],
  "getAllByTitle": [Function],
  "getByAltText": [Function],
  "getByDisplayValue": [Function],
  "getByLabelText": [Function],
  "getByPlaceholderText": [Function],
  "getByRole": [Function],
  "getByTestId": [Function],
  "getByText": [Function],
  "getByTitle": [Function],
  "queryAllByAltText": [Function],
  "queryAllByDisplayValue": [Function],
  "queryAllByLabelText": [Function],
  "queryAllByPlaceholderText": [Function],
  "queryAllByRole": [Function],
  "queryAllByTestId": [Function],
  "queryAllByText": [Function],
  "queryAllByTitle": [Function],
  "queryByAltText": [Function],
  "queryByDisplayValue": [Function],
  "queryByLabelText": [Function],
  "queryByPlaceholderText": [Function],
  "queryByRole": [Function],
  "queryByTestId": [Function],
  "queryByText": [Function],
  "queryByTitle": [Function],
  "rerender": [Function],
  "unmount": [Function],
}
`;
