// Jest Snapshot v1, https://goo.gl/fbAQLP

exports[`should render component 1`] = `
Object {
  "asFragment": [Function],
  "baseElement": <body>
    <div>
      <div
        class="row g-0 p-3"
      >
        <div
          class="col-md-3 col-lg-2"
        >
          <aside
            class="ps-sidebar-root css-1qqt2yo"
            data-testid="ps-sidebar-root-test-id"
            style="z-index: 100;"
            width="230px"
          >
            <div
              class="ps-sidebar-container css-1o85esu"
              data-testid="ps-sidebar-container-test-id"
            >
              <h3
                class="text-white bg-primary text-center p-2"
              >
                Algorithms
              </h3>
              <nav
                class="ps-menu-root css-vj11vy"
              >
                <ul
                  class="css-ewdv3l"
                >
                  <li
                    class="ps-menuitem-root ps-submenu-root ps-open css-1642kfo"
                  >
                    <a
                      class="ps-menu-button css-1bdadyq"
                      data-testid="ps-menu-button-test-id"
                    >
                      <span
                        class="ps-menu-label css-12w9als"
                      >
                        Searching
                      </span>
                      <span
                        class="ps-submenu-expand-icon css-1cuxlhl"
                      >
                        <span
                          class="css-jn69v9"
                          open=""
                        />
                      </span>
                    </a>
                    <div
                      class="ps-submenu-content css-edu7i6"
                      data-testid="ps-submenu-content-test-id"
                      open=""
                    >
                      <ul
                        class="css-ewdv3l"
                      >
                        <a
                          class="d-block text-center p-1 text-decoration-none"
                          href="#/linear-search"
                          level="1"
                        >
                          Linear Search
                        </a>
                        <a
                          class="d-block text-center p-1 text-decoration-none"
                          href="#/binary-search"
                          level="1"
                        >
                          Binary Search
                        </a>
                      </ul>
                    </div>
                  </li>
                  <li
                    class="ps-menuitem-root ps-submenu-root css-1642kfo"
                  >
                    <a
                      class="ps-menu-button css-1bdadyq"
                      data-testid="ps-menu-button-test-id"
                    >
                      <span
                        class="ps-menu-label css-12w9als"
                      >
                        Sorting
                      </span>
                      <span
                        class="ps-submenu-expand-icon css-1cuxlhl"
                      >
                        <span
                          class="css-honxw6"
                        />
                      </span>
                    </a>
                    <div
                      class="ps-submenu-content css-z5rm24"
                      data-testid="ps-submenu-content-test-id"
                    >
                      <ul
                        class="css-ewdv3l"
                      >
                        <a
                          class="d-block text-center p-1 text-decoration-none"
                          href="#/bubble-sort"
                          level="1"
                        >
                          Bubble Sort
                        </a>
                        <a
                          class="d-block text-center p-1 text-decoration-none"
                          href="#/quick-sort"
                          level="1"
                        >
                          Quick Sort
                        </a>
                      </ul>
                    </div>
                  </li>
                  <li
                    class="ps-menuitem-root ps-submenu-root css-1642kfo"
                  >
                    <a
                      class="ps-menu-button css-1bdadyq"
                      data-testid="ps-menu-button-test-id"
                    >
                      <span
                        class="ps-menu-label css-12w9als"
                      >
                        Binary Tree
                      </span>
                      <span
                        class="ps-submenu-expand-icon css-1cuxlhl"
                      >
                        <span
                          class="css-honxw6"
                        />
                      </span>
                    </a>
                    <div
                      class="ps-submenu-content css-z5rm24"
                      data-testid="ps-submenu-content-test-id"
                    >
                      <ul
                        class="css-ewdv3l"
                      >
                        <a
                          class="d-block text-center p-1 text-decoration-none"
                          href="#/binary-tree"
                          level="1"
                        >
                          BFS and DFS Traversal
                        </a>
                      </ul>
                    </div>
                  </li>
                  <li
                    class="ps-menuitem-root ps-submenu-root css-1642kfo"
                  >
                    <a
                      class="ps-menu-button css-1bdadyq"
                      data-testid="ps-menu-button-test-id"
                    >
                      <span
                        class="ps-menu-label css-12w9als"
                      >
                        Cryptography
                      </span>
                      <span
                        class="ps-submenu-expand-icon css-1cuxlhl"
                      >
                        <span
                          class="css-honxw6"
                        />
                      </span>
                    </a>
                    <div
                      class="ps-submenu-content css-z5rm24"
                      data-testid="ps-submenu-content-test-id"
                    >
                      <ul
                        class="css-ewdv3l"
                      >
                        <a
                          class="d-block text-center p-1 text-decoration-none"
                          href="#/caesar-cipher"
                          level="1"
                        >
                          Caesar Cipher
                        </a>
                      </ul>
                    </div>
                  </li>
                  <li
                    class="ps-menuitem-root ps-submenu-root css-1642kfo"
                  >
                    <a
                      class="ps-menu-button css-1bdadyq"
                      data-testid="ps-menu-button-test-id"
                    >
                      <span
                        class="ps-menu-label css-12w9als"
                      >
                        Computer Graphics
                      </span>
                      <span
                        class="ps-submenu-expand-icon css-1cuxlhl"
                      >
                        <span
                          class="css-honxw6"
                        />
                      </span>
                    </a>
                    <div
                      class="ps-submenu-content css-z5rm24"
                      data-testid="ps-submenu-content-test-id"
                    >
                      <ul
                        class="css-ewdv3l"
                      >
                        <a
                          class="d-block text-center p-1 text-decoration-none"
                          href="#/flood-fill"
                          level="1"
                        >
                          Flood Fill
                        </a>
                      </ul>
                    </div>
                  </li>
                </ul>
              </nav>
            </div>
          </aside>
        </div>
        <div
          class="col-md-9 col-lg-10"
        >
          <div
            class="waveWrapper waveAnimation"
          >
            <div
              class="waveWrapperInner bgTop"
            >
              <div
                class="wave waveTop"
              />
            </div>
            <div
              class="waveWrapperInner bgMiddle"
            >
              <div
                class="wave waveMiddle"
              />
            </div>
            <div
              class="waveWrapperInner bgBottom"
            >
              <div
                class="wave waveBottom"
              />
            </div>
          </div>
          <div
            class="wave-content"
          >
            <div
              class="row g-0 justify-content-center text-center p-3"
            >
              <div
                class="col-md-12"
              >
                <h3
                  class="text-white"
                >
                  Linear Search Algorithm
                </h3>
                <div
                  class="row justify-content-center"
                >
                  <div
                    class="col-md-6"
                  >
                    <div
                      class="mb-3 input-group"
                    >
                      <input
                        class="form-control"
                        disabled=""
                        value=""
                      />
                      <button
                        class="btn btn-primary"
                        type="button"
                      >
                        Random Fill
                      </button>
                    </div>
                    <div
                      class="mb-3 input-group"
                    >
                      <input
                        class="form-control"
                        min="1"
                        placeholder="Enter search criteria"
                        type="number"
                        value=""
                      />
                    </div>
                  </div>
                </div>
              </div>
            </div>
          </div>
        </div>
      </div>
    </div>
  </body>,
  "container": <div>
    <div
      class="row g-0 p-3"
    >
      <div
        class="col-md-3 col-lg-2"
      >
        <aside
          class="ps-sidebar-root css-1qqt2yo"
          data-testid="ps-sidebar-root-test-id"
          style="z-index: 100;"
          width="230px"
        >
          <div
            class="ps-sidebar-container css-1o85esu"
            data-testid="ps-sidebar-container-test-id"
          >
            <h3
              class="text-white bg-primary text-center p-2"
            >
              Algorithms
            </h3>
            <nav
              class="ps-menu-root css-vj11vy"
            >
              <ul
                class="css-ewdv3l"
              >
                <li
                  class="ps-menuitem-root ps-submenu-root ps-open css-1642kfo"
                >
                  <a
                    class="ps-menu-button css-1bdadyq"
                    data-testid="ps-menu-button-test-id"
                  >
                    <span
                      class="ps-menu-label css-12w9als"
                    >
                      Searching
                    </span>
                    <span
                      class="ps-submenu-expand-icon css-1cuxlhl"
                    >
                      <span
                        class="css-jn69v9"
                        open=""
                      />
                    </span>
                  </a>
                  <div
                    class="ps-submenu-content css-edu7i6"
                    data-testid="ps-submenu-content-test-id"
                    open=""
                  >
                    <ul
                      class="css-ewdv3l"
                    >
                      <a
                        class="d-block text-center p-1 text-decoration-none"
                        href="#/linear-search"
                        level="1"
                      >
                        Linear Search
                      </a>
                      <a
                        class="d-block text-center p-1 text-decoration-none"
                        href="#/binary-search"
                        level="1"
                      >
                        Binary Search
                      </a>
                    </ul>
                  </div>
                </li>
                <li
                  class="ps-menuitem-root ps-submenu-root css-1642kfo"
                >
                  <a
                    class="ps-menu-button css-1bdadyq"
                    data-testid="ps-menu-button-test-id"
                  >
                    <span
                      class="ps-menu-label css-12w9als"
                    >
                      Sorting
                    </span>
                    <span
                      class="ps-submenu-expand-icon css-1cuxlhl"
                    >
                      <span
                        class="css-honxw6"
                      />
                    </span>
                  </a>
                  <div
                    class="ps-submenu-content css-z5rm24"
                    data-testid="ps-submenu-content-test-id"
                  >
                    <ul
                      class="css-ewdv3l"
                    >
                      <a
                        class="d-block text-center p-1 text-decoration-none"
                        href="#/bubble-sort"
                        level="1"
                      >
                        Bubble Sort
                      </a>
                      <a
                        class="d-block text-center p-1 text-decoration-none"
                        href="#/quick-sort"
                        level="1"
                      >
                        Quick Sort
                      </a>
                    </ul>
                  </div>
                </li>
                <li
                  class="ps-menuitem-root ps-submenu-root css-1642kfo"
                >
                  <a
                    class="ps-menu-button css-1bdadyq"
                    data-testid="ps-menu-button-test-id"
                  >
                    <span
                      class="ps-menu-label css-12w9als"
                    >
                      Binary Tree
                    </span>
                    <span
                      class="ps-submenu-expand-icon css-1cuxlhl"
                    >
                      <span
                        class="css-honxw6"
                      />
                    </span>
                  </a>
                  <div
                    class="ps-submenu-content css-z5rm24"
                    data-testid="ps-submenu-content-test-id"
                  >
                    <ul
                      class="css-ewdv3l"
                    >
                      <a
                        class="d-block text-center p-1 text-decoration-none"
                        href="#/binary-tree"
                        level="1"
                      >
                        BFS and DFS Traversal
                      </a>
                    </ul>
                  </div>
                </li>
                <li
                  class="ps-menuitem-root ps-submenu-root css-1642kfo"
                >
                  <a
                    class="ps-menu-button css-1bdadyq"
                    data-testid="ps-menu-button-test-id"
                  >
                    <span
                      class="ps-menu-label css-12w9als"
                    >
                      Cryptography
                    </span>
                    <span
                      class="ps-submenu-expand-icon css-1cuxlhl"
                    >
                      <span
                        class="css-honxw6"
                      />
                    </span>
                  </a>
                  <div
                    class="ps-submenu-content css-z5rm24"
                    data-testid="ps-submenu-content-test-id"
                  >
                    <ul
                      class="css-ewdv3l"
                    >
                      <a
                        class="d-block text-center p-1 text-decoration-none"
                        href="#/caesar-cipher"
                        level="1"
                      >
                        Caesar Cipher
                      </a>
                    </ul>
                  </div>
                </li>
                <li
                  class="ps-menuitem-root ps-submenu-root css-1642kfo"
                >
                  <a
                    class="ps-menu-button css-1bdadyq"
                    data-testid="ps-menu-button-test-id"
                  >
                    <span
                      class="ps-menu-label css-12w9als"
                    >
                      Computer Graphics
                    </span>
                    <span
                      class="ps-submenu-expand-icon css-1cuxlhl"
                    >
                      <span
                        class="css-honxw6"
                      />
                    </span>
                  </a>
                  <div
                    class="ps-submenu-content css-z5rm24"
                    data-testid="ps-submenu-content-test-id"
                  >
                    <ul
                      class="css-ewdv3l"
                    >
                      <a
                        class="d-block text-center p-1 text-decoration-none"
                        href="#/flood-fill"
                        level="1"
                      >
                        Flood Fill
                      </a>
                    </ul>
                  </div>
                </li>
              </ul>
            </nav>
          </div>
        </aside>
      </div>
      <div
        class="col-md-9 col-lg-10"
      >
        <div
          class="waveWrapper waveAnimation"
        >
          <div
            class="waveWrapperInner bgTop"
          >
            <div
              class="wave waveTop"
            />
          </div>
          <div
            class="waveWrapperInner bgMiddle"
          >
            <div
              class="wave waveMiddle"
            />
          </div>
          <div
            class="waveWrapperInner bgBottom"
          >
            <div
              class="wave waveBottom"
            />
          </div>
        </div>
        <div
          class="wave-content"
        >
          <div
            class="row g-0 justify-content-center text-center p-3"
          >
            <div
              class="col-md-12"
            >
              <h3
                class="text-white"
              >
                Linear Search Algorithm
              </h3>
              <div
                class="row justify-content-center"
              >
                <div
                  class="col-md-6"
                >
                  <div
                    class="mb-3 input-group"
                  >
                    <input
                      class="form-control"
                      disabled=""
                      value=""
                    />
                    <button
                      class="btn btn-primary"
                      type="button"
                    >
                      Random Fill
                    </button>
                  </div>
                  <div
                    class="mb-3 input-group"
                  >
                    <input
                      class="form-control"
                      min="1"
                      placeholder="Enter search criteria"
                      type="number"
                      value=""
                    />
                  </div>
                </div>
              </div>
            </div>
          </div>
        </div>
      </div>
    </div>
  </div>,
  "debug": [Function],
  "findAllByAltText": [Function],
  "findAllByDisplayValue": [Function],
  "findAllByLabelText": [Function],
  "findAllByPlaceholderText": [Function],
  "findAllByRole": [Function],
  "findAllByTestId": [Function],
  "findAllByText": [Function],
  "findAllByTitle": [Function],
  "findByAltText": [Function],
  "findByDisplayValue": [Function],
  "findByLabelText": [Function],
  "findByPlaceholderText": [Function],
  "findByRole": [Function],
  "findByTestId": [Function],
  "findByText": [Function],
  "findByTitle": [Function],
  "getAllByAltText": [Function],
  "getAllByDisplayValue": [Function],
  "getAllByLabelText": [Function],
  "getAllByPlaceholderText": [Function],
  "getAllByRole": [Function],
  "getAllByTestId": [Function],
  "getAllByText": [Function],
  "getAllByTitle": [Function],
  "getByAltText": [Function],
  "getByDisplayValue": [Function],
  "getByLabelText": [Function],
  "getByPlaceholderText": [Function],
  "getByRole": [Function],
  "getByTestId": [Function],
  "getByText": [Function],
  "getByTitle": [Function],
  "queryAllByAltText": [Function],
  "queryAllByDisplayValue": [Function],
  "queryAllByLabelText": [Function],
  "queryAllByPlaceholderText": [Function],
  "queryAllByRole": [Function],
  "queryAllByTestId": [Function],
  "queryAllByText": [Function],
  "queryAllByTitle": [Function],
  "queryByAltText": [Function],
  "queryByDisplayValue": [Function],
  "queryByLabelText": [Function],
  "queryByPlaceholderText": [Function],
  "queryByRole": [Function],
  "queryByTestId": [Function],
  "queryByText": [Function],
  "queryByTitle": [Function],
  "rerender": [Function],
  "unmount": [Function],
}
`;
